[0m12:26:17.556153 [debug] [MainThread]: Sending event: {'category': 'dbt', 'action': 'invocation', 'label': 'start', 'context': [<snowplow_tracker.self_describing_json.SelfDescribingJson object at 0x0000018C2F7F8D70>, <snowplow_tracker.self_describing_json.SelfDescribingJson object at 0x0000018C2D05D1D0>, <snowplow_tracker.self_describing_json.SelfDescribingJson object at 0x0000018C3208F9D0>]}


============================== 12:26:17.729922 | 99cc2976-556d-4a33-9e73-e1030dfc8b41 ==============================
[0m12:26:17.729922 [info ] [MainThread]: Running with dbt=1.12.0
[0m12:26:17.730608 [debug] [MainThread]: running dbt with arguments {'version_check': 'True', 'no_print': 'None', 'static_parser': 'True', 'target_path': 'None', 'warn_error_options': 'WarnErrorOptionsV2(error=[], warn=[], silence=[])', 'maximum_seed_size_mib': '1', 'printer_width': '80', 'write_json': 'True', 'empty': 'None', 'log_cache_events': 'False', 'introspect': 'True', 'cache_selected_only': 'False', 'fail_fast': 'False', 'debug': 'False', 'log_format': 'default', 'partial_parse': 'True', 'send_anonymous_usage_stats': 'True', 'quiet': 'False', 'warn_error': 'None', 'profiles_dir': 'C:\\Users\\Ian\\.dbt', 'invocation_command': 'dbt init', 'hints_enabled': 'True', 'indirect_selection': 'eager', 'use_experimental_parser': 'False', 'use_colors': 'True', 'log_path': 'logs'}
[0m12:26:18.125452 [info ] [MainThread]: Creating dbt configuration folder at C:\Users\Ian\.dbt
[0m12:26:45.518777 [info ] [MainThread]: A project called dw_bootcamp already exists here.
[0m12:26:45.520061 [debug] [MainThread]: Command `dbt init` succeeded at 12:26:45.519925 after 28.30 seconds
[0m12:26:45.520444 [debug] [MainThread]: Sending event: {'category': 'dbt', 'action': 'invocation', 'label': 'end', 'context': [<snowplow_tracker.self_describing_json.SelfDescribingJson object at 0x0000018C31EA36F0>, <snowplow_tracker.self_describing_json.SelfDescribingJson object at 0x0000018C322027B0>, <snowplow_tracker.self_describing_json.SelfDescribingJson object at 0x0000018C321285A0>]}
[0m12:26:45.520848 [debug] [MainThread]: Flushing usage events
[0m12:26:46.312372 [debug] [MainThread]: An error was encountered while trying to flush usage events
[0m13:30:55.300162 [debug] [MainThread]: Sending event: {'category': 'dbt', 'action': 'invocation', 'label': 'start', 'context': [<snowplow_tracker.self_describing_json.SelfDescribingJson object at 0x0000016E45FD8D70>, <snowplow_tracker.self_describing_json.SelfDescribingJson object at 0x0000016E4384D1D0>, <snowplow_tracker.self_describing_json.SelfDescribingJson object at 0x0000016E488C39D0>]}


============================== 13:30:55.306195 | 007842e1-2977-47c5-932a-4d4e5e1bf903 ==============================
[0m13:30:55.306195 [info ] [MainThread]: Running with dbt=1.12.0
[0m13:30:55.306828 [debug] [MainThread]: running dbt with arguments {'maximum_seed_size_mib': '1', 'no_print': 'None', 'static_parser': 'True', 'warn_error_options': 'WarnErrorOptionsV2(error=[], warn=[], silence=[])', 'target_path': 'None', 'version_check': 'True', 'printer_width': '80', 'write_json': 'True', 'empty': 'False', 'log_cache_events': 'False', 'introspect': 'True', 'cache_selected_only': 'False', 'fail_fast': 'False', 'debug': 'False', 'log_format': 'default', 'partial_parse': 'True', 'send_anonymous_usage_stats': 'True', 'quiet': 'False', 'warn_error': 'None', 'profiles_dir': 'C:\\Users\\Ian\\.dbt', 'indirect_selection': 'eager', 'hints_enabled': 'True', 'use_colors': 'True', 'use_experimental_parser': 'False', 'invocation_command': 'dbt run --select intermediate', 'log_path': 'logs'}
[0m13:30:55.307266 [error] [MainThread]: [[31mERROR[0m]: Encountered an error:
Runtime Error
  No dbt_project.yml found at expected path C:\Users\Ian\OneDrive\Área de Trabalho\DW_PROJECT\2_data_warehouse\dbt_project.yml
  Verify that each entry within packages.yml (and their transitive dependencies) contains a file named dbt_project.yml
  
[0m13:30:55.308139 [debug] [MainThread]: Command `dbt run` failed at 13:30:55.308029 after 0.33 seconds
[0m13:30:55.308688 [debug] [MainThread]: Sending event: {'category': 'dbt', 'action': 'invocation', 'label': 'end', 'context': [<snowplow_tracker.self_describing_json.SelfDescribingJson object at 0x0000016E488395B0>, <snowplow_tracker.self_describing_json.SelfDescribingJson object at 0x0000016E488FD130>, <snowplow_tracker.self_describing_json.SelfDescribingJson object at 0x0000016E488E9BF0>]}
[0m13:30:55.309042 [debug] [MainThread]: Flushing usage events
[0m13:30:56.051218 [debug] [MainThread]: An error was encountered while trying to flush usage events
